// Jest Snapshot v1, https://goo.gl/fbAQLP

exports[`<Logo /> testing Should render with ThemeProvider 1`] = `
<a
  className="sc-bdvvtL hrGerV"
  href="#"
>
  <img
    alt="logo"
    src="undefined/Logo.png"
  />
</a>
`;
