// Jest Snapshot v1, https://goo.gl/fbAQLP

exports[`<TicketBoard /> testing Should render with Redux and Router and ThemeProvider 1`] = `<div />`;
